exports[`test Search snapshot test 1`] = `[Function shallowToJson]`;
